DETECTED 1 20260911_201558_682479
DETECTED 2 20260911_201717_548493
DETECTED 3 20260911_201736_924018
DETECTED 4 20260911_201738_320707
DETECTED 5 20260911_201739_262874
DETECTED 6 20260911_201740_261302
DETECTED 7 20260911_201741_289794
DETECTED 8 20260911_201746_520775
DETECTED 9 20260911_201747_240330
DETECTED 10 20260911_201748_043093
DETECTED 11 20260911_201748_509688
DETECTED 12 20260911_201749_372026
DETECTED 13 20260911_201750_047709
DETECTED 14 20260911_201750_732913
DETECTED 15 20260911_201751_360665
DETECTED 16 20260911_201752_856578
DETECTED 17 20260911_201753_776034
DETECTED 18 20260911_201756_371594
DETECTED 19 20260911_201757_251156
DETECTED 20 20260911_201757_873176
DETECTED 21 20260911_201758_796825
DETECTED 22 20260911_201759_510328
DETECTED 23 20260911_201800_335198
DETECTED 24 20260911_201801_241431
DETECTED 25 20260911_201802_190085
DETECTED 26 20260911_201804_137242
DETECTED 27 20260911_201805_073660
DETECTED 28 20260911_201805_679699
DETECTED 29 20260911_201806_373239
DETECTED 30 20260911_201806_827016
DETECTED 31 20260911_201807_728040
DETECTED 32 20260911_201809_570859
DETECTED 33 20260911_201810_262739
DETECTED 34 20260911_201810_988890
DETECTED 35 20260911_201811_744992
DETECTED 36 20260911_201812_361324
DETECTED 37 20260911_201813_261612
DETECTED 38 20260911_201814_060726
DETECTED 39 20260911_201814_669839
DETECTED 40 20260911_201815_376909
DETECTED 41 20260911_201816_112863
DETECTED 42 20260911_201818_397569
DETECTED 43 20260911_201819_376982
DETECTED 44 20260911_201820_230984
DETECTED 45 20260911_201821_111218
DETECTED 46 20260911_201821_881555
DETECTED 47 20260911_201823_168189
DETECTED 48 20260911_201824_222940
DETECTED 49 20260911_201825_225460
DETECTED 50 20260911_201826_064188
DETECTED 51 20260911_201833_032241
DETECTED 52 20260911_201834_025893
DETECTED 53 20260911_201835_253888
DETECTED 54 20260911_201836_379718
DETECTED 55 20260911_201837_541857
DETECTED 56 20260911_201838_661155
DETECTED 57 20260911_201842_719423
OUTPUT /home/gmaster/boom_birds_ws/stereo_depth/calibration/20260911_202047
{
  "status": "CANDIDATE_NOT_METRIC_VALIDATED",
  "square_m": 0.0015,
  "detected": 57,
  "total": 61,
  "train": 45,
  "holdout": 12,
  "mono_rms_a": 0.09248015677867477,
  "mono_rms_b": 0.13379664010265374,
  "stereo_rms": 0.21278463157398855,
  "baseline_m": 0.06442396629941627,
  "T": [
    -0.06442394557573043,
    4.310327425997019e-05,
    -2.8501077075394024e-05
  ],
  "K1": [
    [
      327.726123149984,
      0.0,
      322.2595128042491
    ],
    [
      0.0,
      326.9355486115221,
      235.01679233580683
    ],
    [
      0.0,
      0.0,
      1.0
    ]
  ],
  "K2": [
    [
      326.63323409314967,
      0.0,
      332.1304363520573
    ],
    [
      0.0,
      326.76901727733195,
      229.40237491124182
    ],
    [
      0.0,
      0.0,
      1.0
    ]
  ],
  "D1": [
    [
      0.04556390446613046,
      -0.008664962846493271,
      8.421269979302717e-05,
      0.0004150586122971709,
      -0.017592950750807357
    ]
  ],
  "D2": [
    [
      0.047217327043102254,
      -0.010941667685482936,
      -0.0007547454112525766,
      0.0010193436334824297,
      -0.014056949177576054
    ]
  ],
  "vertical_stereo": false,
  "roi1": [
    1,
    0,
    639,
    480
  ],
  "roi2": [
    0,
    0,
    640,
    480
  ]
}
HOLDOUT_ERRORS [{"capture": "20260911_201558_682479", "split": "holdout", "median_px": 0.45947265625, "p95_px": 0.622315979003906}, {"capture": "20260911_201740_261302", "split": "holdout", "median_px": 0.296661376953125, "p95_px": 0.487908935546875}, {"capture": "20260911_201748_509688", "split": "holdout", "median_px": 0.4374847412109375, "p95_px": 0.5116592407226562}, {"capture": "20260911_201752_856578", "split": "holdout", "median_px": 0.4872283935546875, "p95_px": 0.5673248291015625}, {"capture": "20260911_201758_796825", "split": "holdout", "median_px": 0.2938079833984375, "p95_px": 0.4587875366210937}, {"capture": "20260911_201804_137242", "split": "holdout", "median_px": 0.09503173828125, "p95_px": 0.42598419189453096}, {"capture": "20260911_201807_728040", "split": "holdout", "median_px": 0.2726593017578125, "p95_px": 0.5926498413085936}, {"capture": "20260911_201812_361324", "split": "holdout", "median_px": 0.2372589111328125, "p95_px": 0.5582550048828118}, {"capture": "20260911_201816_112863", "split": "holdout", "median_px": 0.11907958984375, "p95_px": 0.1950347900390625}, {"capture": "20260911_201821_881555", "split": "holdout", "median_px": 0.0953521728515625, "p95_px": 0.3498596191406247}, {"capture": "20260911_201833_032241", "split": "holdout", "median_px": 0.1551971435546875, "p95_px": 0.3292388916015622}, {"capture": "20260911_201838_661155", "split": "holdout", "median_px": 0.325836181640625, "p95_px": 0.4416328430175781}]
